Traceback (most recent call last):
  File "/app/python/backend_service.py", line 24, in <module>
    from eeg_signal_processor import EEGSignalProcessor
  File "/app/python/eeg_signal_processor.py", line 18, in <module>
    from dsp_core import DSPCore
  File "/app/python/dsp_core.py", line 12, in <module>
    from scipy import signal
  File "/app/.cache/.venv/lib/python3.13/site-packages/scipy/__init__.py", line 131, in __getattr__
    return _importlib.import_module(f'scipy.{name}')
           ~~~~~~~~~~~~~~~~~~~~~~~~^^^^^^^^^^^^^^^^^
  File "/usr/local/lib/python3.13/importlib/__init__.py", line 88, in import_module
    return _bootstrap._gcd_import(name[level:], package, level)
           ~~~~~~~~~~~~~~~~~~~~~~^^^^^^^^^^^^^^^^^^^^^^^^^^^^^^
  File "/app/.cache/.venv/lib/python3.13/site-packages/scipy/signal/__init__.py", line 306, in <module>
    from ._support_alternative_backends import *
  File "/app/.cache/.venv/lib/python3.13/site-packages/scipy/signal/_support_alternative_backends.py", line 3, in <module>
    from scipy._lib._array_api import (
        is_cupy, is_jax, scipy_namespace_for, SCIPY_ARRAY_API, xp_capabilities
    )
  File "/app/.cache/.venv/lib/python3.13/site-packages/scipy/_lib/_array_api.py", line 24, in <module>
    from scipy._lib.array_api_compat import (
    ...<16 lines>...
    )
  File "/app/.cache/.venv/lib/python3.13/site-packages/scipy/_lib/array_api_compat/numpy/__init__.py", line 9, in <module>
    __all__ = clone_module("numpy", globals())
  File "/app/.cache/.venv/lib/python3.13/site-packages/scipy/_lib/array_api_compat/_internal.py", line 64, in clone_module
    exec(f"from {mod.__name__} import *", objs)
    ~~~~^^^^^^^^^^^^^^^^^^^^^^^^^^^^^^^^^^^^^^^
  File "<string>", line 1, in <module>
  File "/usr/local/lib/python3.13/site-packages/numpy/__init__.py", line 355, in __getattr__
    import numpy.testing as testing
  File "/usr/local/lib/python3.13/site-packages/numpy/testing/__init__.py", line 11, in <module>
    from ._private.utils import *
  File "/usr/local/lib/python3.13/site-packages/numpy/testing/_private/utils.py", line 31, in <module>
    from numpy._core.tests._natype import pd_NA
ModuleNotFoundError: No module named 'numpy._core.tests'
INFO:eeg_signal_processor:EEGSignalProcessor iniciado: fs=250Hz, buffer=10.0s, psd_window=4.0s
INFO:eeg_signal_processor:Filtros Python eliminados: se usa la señal filtrada recibida del MCU
2026-03-21 13:36:02.322 INFO - [MainThread] App:  App started
INFO:eeg_signal_processor:EEGSignalProcessor iniciado: fs=250Hz, buffer=10.0s, psd_window=4.0s
INFO:eeg_signal_processor:Filtros Python eliminados: se usa la señal filtrada recibida del MCU
2026-03-21 13:44:14.815 INFO - [MainThread] App:  App started
INFO:eeg_signal_processor:EEGSignalProcessor iniciado: fs=250Hz, buffer=10.0s, psd_window=4.0s
INFO:eeg_signal_processor:Filtros Python eliminados: se usa la señal filtrada recibida del MCU
2026-03-21 13:52:10.032 INFO - [MainThread] App:  App started
INFO:eeg_signal_processor:EEGSignalProcessor iniciado: fs=250Hz, buffer=10.0s, psd_window=4.0s
INFO:eeg_signal_processor:Filtros Python eliminados: se usa la señal filtrada recibida del MCU
2026-03-21 13:56:22.085 INFO - [MainThread] App:  App started
INFO:eeg_signal_processor:EEGSignalProcessor iniciado: fs=250Hz, buffer=10.0s, psd_window=4.0s
INFO:eeg_signal_processor:Filtros Python eliminados: se usa la señal filtrada recibida del MCU
2026-03-21 14:06:04.529 INFO - [MainThread] App:  App started
INFO:eeg_signal_processor:EEGSignalProcessor iniciado: fs=250Hz, buffer=10.0s, psd_window=4.0s
INFO:eeg_signal_processor:Filtros Python eliminados: se usa la señal filtrada recibida del MCU
2026-03-21 14:10:05.163 INFO - [MainThread] App:  App started
INFO:eeg_signal_processor:EEGSignalProcessor iniciado: fs=250Hz, buffer=10.0s, psd_window=4.0s
INFO:eeg_signal_processor:Filtros Python eliminados: se usa la señal filtrada recibida del MCU
2026-03-21 14:10:59.629 INFO - [MainThread] App:  App started
INFO:eeg_signal_processor:EEGSignalProcessor iniciado: fs=250Hz, buffer=10.0s, psd_window=4.0s
INFO:eeg_signal_processor:Filtros Python eliminados: se usa la señal filtrada recibida del MCU
2026-03-21 14:20:52.767 INFO - [MainThread] App:  App started
INFO:eeg_signal_processor:EEGSignalProcessor iniciado: fs=250Hz, buffer=10.0s, psd_window=4.0s
INFO:eeg_signal_processor:Filtros Python eliminados: se usa la señal filtrada recibida del MCU
2026-03-21 14:25:53.552 INFO - [MainThread] App:  App started
INFO:eeg_signal_processor:EEGSignalProcessor iniciado: fs=250Hz, buffer=10.0s, psd_window=4.0s
INFO:eeg_signal_processor:Filtros Python eliminados: se usa la señal filtrada recibida del MCU
2026-03-21 14:27:35.126 INFO - [MainThread] App:  App started
INFO:eeg_signal_processor:EEGSignalProcessor iniciado: fs=250Hz, buffer=10.0s, psd_window=4.0s
INFO:eeg_signal_processor:Filtros Python eliminados: se usa la señal filtrada recibida del MCU
2026-03-21 14:37:48.385 INFO - [MainThread] App:  App started
INFO:eeg_signal_processor:EEGSignalProcessor iniciado: fs=250Hz, buffer=10.0s, psd_window=4.0s
INFO:eeg_signal_processor:Filtros Python eliminados: se usa la señal filtrada recibida del MCU
2026-03-21 14:56:04.602 INFO - [MainThread] App:  App started
INFO:eeg_signal_processor:EEGSignalProcessor iniciado: fs=250Hz, buffer=10.0s, psd_window=4.0s
INFO:eeg_signal_processor:Filtros Python eliminados: se usa la señal filtrada recibida del MCU
2026-03-21 14:58:42.339 INFO - [MainThread] App:  App started
INFO:eeg_signal_processor:EEGSignalProcessor iniciado: fs=250Hz, buffer=10.0s, psd_window=4.0s
INFO:eeg_signal_processor:Filtros Python eliminados: se usa la señal filtrada recibida del MCU
2026-03-21 15:04:14.886 INFO - [MainThread] App:  App started
INFO:eeg_signal_processor:EEGSignalProcessor iniciado: fs=250Hz, buffer=10.0s, psd_window=4.0s
INFO:eeg_signal_processor:Filtros Python eliminados: se usa la señal filtrada recibida del MCU
2026-03-21 15:06:19.585 INFO - [MainThread] App:  App started
INFO:eeg_signal_processor:EEGSignalProcessor iniciado: fs=250Hz, buffer=10.0s, psd_window=4.0s
INFO:eeg_signal_processor:Filtros Python eliminados: se usa la señal filtrada recibida del MCU
2026-03-21 15:08:03.417 INFO - [MainThread] App:  App started
INFO:eeg_signal_processor:EEGSignalProcessor iniciado: fs=250Hz, buffer=10.0s, psd_window=4.0s
INFO:eeg_signal_processor:Filtros Python eliminados: se usa la señal filtrada recibida del MCU
2026-03-21 15:13:35.798 INFO - [MainThread] App:  App started
INFO:eeg_signal_processor:EEGSignalProcessor iniciado: fs=250Hz, buffer=10.0s, psd_window=4.0s
INFO:eeg_signal_processor:Filtros Python eliminados: se usa la señal filtrada recibida del MCU
2026-03-21 15:14:55.470 INFO - [MainThread] App:  App started
INFO:eeg_signal_processor:EEGSignalProcessor iniciado: fs=250Hz, buffer=10.0s, psd_window=4.0s
INFO:eeg_signal_processor:Filtros Python eliminados: se usa la señal filtrada recibida del MCU
2026-03-21 15:21:04.483 INFO - [MainThread] App:  App started
INFO:eeg_signal_processor:EEGSignalProcessor iniciado: fs=250Hz, buffer=10.0s, psd_window=4.0s
INFO:eeg_signal_processor:Filtros Python eliminados: se usa la señal filtrada recibida del MCU
2026-03-21 15:54:12.010 INFO - [MainThread] App:  App started
INFO:eeg_signal_processor:EEGSignalProcessor iniciado: fs=250Hz, buffer=10.0s, psd_window=4.0s
INFO:eeg_signal_processor:Filtros Python eliminados: se usa la señal filtrada recibida del MCU
2026-03-21 16:03:53.776 INFO - [MainThread] App:  App started
INFO:eeg_signal_processor:EEGSignalProcessor iniciado: fs=250Hz, buffer=10.0s, psd_window=4.0s
INFO:eeg_signal_processor:Filtros Python eliminados: se usa la señal filtrada recibida del MCU
2026-03-21 16:40:49.978 INFO - [MainThread] App:  App started
INFO:eeg_signal_processor:EEGSignalProcessor iniciado: fs=250Hz, buffer=10.0s, psd_window=4.0s
INFO:eeg_signal_processor:Filtros Python eliminados: se usa la señal filtrada recibida del MCU
2026-03-21 16:51:52.847 INFO - [MainThread] App:  App started
INFO:eeg_signal_processor:EEGSignalProcessor iniciado: fs=250Hz, buffer=10.0s, psd_window=4.0s
INFO:eeg_signal_processor:Filtros Python eliminados: se usa la señal filtrada recibida del MCU
2026-03-21 16:54:41.503 INFO - [MainThread] App:  App started
INFO:eeg_signal_processor:EEGSignalProcessor iniciado: fs=250Hz, buffer=10.0s, psd_window=4.0s
INFO:eeg_signal_processor:Filtros Python eliminados: se usa la señal filtrada recibida del MCU
2026-03-21 17:02:22.776 INFO - [MainThread] App:  App started
INFO:eeg_signal_processor:EEGSignalProcessor iniciado: fs=250Hz, buffer=10.0s, psd_window=4.0s
INFO:eeg_signal_processor:Filtros Python eliminados: se usa la señal filtrada recibida del MCU
2026-03-21 17:13:41.041 INFO - [MainThread] App:  App started
INFO:eeg_signal_processor:EEGSignalProcessor iniciado: fs=250Hz, buffer=10.0s, psd_window=4.0s
INFO:eeg_signal_processor:Filtros Python eliminados: se usa la señal filtrada recibida del MCU
2026-03-21 17:19:38.509 INFO - [MainThread] App:  App started
INFO:eeg_signal_processor:EEGSignalProcessor iniciado: fs=250Hz, buffer=10.0s, psd_window=4.0s
INFO:eeg_signal_processor:Filtros Python eliminados: se usa la señal filtrada recibida del MCU
2026-03-21 17:30:10.531 INFO - [MainThread] App:  App started
INFO:eeg_signal_processor:EEGSignalProcessor iniciado: fs=250Hz, buffer=10.0s, psd_window=4.0s
INFO:eeg_signal_processor:Filtros Python eliminados: se usa la señal filtrada recibida del MCU
2026-03-21 17:55:08.070 INFO - [MainThread] App:  App started
INFO:eeg_signal_processor:EEGSignalProcessor iniciado: fs=250Hz, buffer=10.0s, psd_window=4.0s
INFO:eeg_signal_processor:Filtros Python eliminados: se usa la señal filtrada recibida del MCU
2026-03-21 17:59:28.636 INFO - [MainThread] App:  App started
  File "/app/python/backend_service.py", line 587
    snapshot = build_runtime_snapshot(reset_window_metrics=False)
    ^^^^^^^^
IndentationError: expected an indented block after 'if' statement on line 586
  File "/app/python/backend_service.py", line 587
    snapshot = build_runtime_snapshot(reset_window_metrics=False)
    ^^^^^^^^
IndentationError: expected an indented block after 'if' statement on line 586
INFO:eeg_signal_processor:EEGSignalProcessor iniciado: fs=250Hz, buffer=10.0s, psd_window=4.0s
INFO:eeg_signal_processor:Filtros Python eliminados: se usa la señal filtrada recibida del MCU
2026-03-21 18:40:46.572 INFO - [MainThread] App:  App started
INFO:eeg_signal_processor:EEGSignalProcessor iniciado: fs=250Hz, buffer=10.0s, psd_window=4.0s
INFO:eeg_signal_processor:Filtros Python eliminados: se usa la señal filtrada recibida del MCU
2026-03-21 18:49:17.992 INFO - [MainThread] App:  App started
INFO:eeg_signal_processor:EEGSignalProcessor iniciado: fs=250Hz, buffer=10.0s, psd_window=4.0s
INFO:eeg_signal_processor:Filtros Python eliminados: se usa la señal filtrada recibida del MCU
2026-03-22 09:57:33.111 INFO - [MainThread] App:  App started
INFO:eeg_signal_processor:EEGSignalProcessor iniciado: fs=250Hz, buffer=10.0s, psd_window=4.0s
INFO:eeg_signal_processor:Filtros Python eliminados: se usa la señal filtrada recibida del MCU
2026-03-22 10:16:25.036 INFO - [MainThread] App:  App started
INFO:eeg_signal_processor:EEGSignalProcessor iniciado: fs=250Hz, buffer=10.0s, psd_window=4.0s
INFO:eeg_signal_processor:Filtros Python eliminados: se usa la señal filtrada recibida del MCU
2026-03-22 10:30:06.161 INFO - [MainThread] App:  App started
INFO:eeg_signal_processor:EEGSignalProcessor iniciado: fs=250Hz, buffer=10.0s, psd_window=4.0s
INFO:eeg_signal_processor:Filtros Python eliminados: se usa la señal filtrada recibida del MCU
2026-03-22 10:39:21.391 INFO - [MainThread] App:  App started
INFO:eeg_signal_processor:EEGSignalProcessor iniciado: fs=250Hz, buffer=10.0s, psd_window=4.0s
INFO:eeg_signal_processor:Filtros Python eliminados: se usa la señal filtrada recibida del MCU
2026-03-22 10:45:20.754 INFO - [MainThread] App:  App started
INFO:eeg_signal_processor:EEGSignalProcessor iniciado: fs=250Hz, buffer=10.0s, psd_window=4.0s
INFO:eeg_signal_processor:Filtros Python eliminados: se usa la señal filtrada recibida del MCU
2026-03-22 10:47:35.494 INFO - [MainThread] App:  App started
INFO:eeg_signal_processor:EEGSignalProcessor iniciado: fs=250Hz, buffer=10.0s, psd_window=4.0s
INFO:eeg_signal_processor:Filtros Python eliminados: se usa la señal filtrada recibida del MCU
2026-03-22 11:03:43.543 INFO - [MainThread] App:  App started
INFO:eeg_signal_processor:EEGSignalProcessor iniciado: fs=250Hz, buffer=10.0s, psd_window=4.0s
INFO:eeg_signal_processor:Filtros Python eliminados: se usa la señal filtrada recibida del MCU
2026-03-22 11:07:56.542 INFO - [MainThread] App:  App started
INFO:eeg_signal_processor:EEGSignalProcessor iniciado: fs=250Hz, buffer=10.0s, psd_window=4.0s
INFO:eeg_signal_processor:Filtros Python eliminados: se usa la señal filtrada recibida del MCU
2026-03-22 11:29:28.387 INFO - [MainThread] App:  App started
INFO:eeg_signal_processor:EEGSignalProcessor iniciado: fs=250Hz, buffer=10.0s, psd_window=4.0s
INFO:eeg_signal_processor:Filtros Python eliminados: se usa la señal filtrada recibida del MCU
2026-03-22 13:41:21.398 INFO - [MainThread] App:  App started
INFO:eeg_signal_processor:EEGSignalProcessor iniciado: fs=250Hz, buffer=10.0s, psd_window=4.0s
INFO:eeg_signal_processor:Filtros Python eliminados: se usa la señal filtrada recibida del MCU
2026-03-22 13:56:31.311 INFO - [MainThread] App:  App started
INFO:eeg_signal_processor:EEGSignalProcessor iniciado: fs=250Hz, buffer=10.0s, psd_window=4.0s
INFO:eeg_signal_processor:Filtros Python eliminados: se usa la señal filtrada recibida del MCU
2026-03-22 14:14:34.292 INFO - [MainThread] App:  App started
INFO:eeg_signal_processor:EEGSignalProcessor iniciado: fs=250Hz, buffer=10.0s, psd_window=4.0s
INFO:eeg_signal_processor:Filtros Python eliminados: se usa la señal filtrada recibida del MCU
2026-03-22 14:25:26.549 INFO - [MainThread] App:  App started
Traceback (most recent call last):
  File "/app/python/backend_service.py", line 46, in <module>
    from eeg_signal_processor import EEGSignalProcessor
  File "/app/python/eeg_signal_processor.py", line 18, in <module>
    from dsp_core import DSPCore
  File "/app/python/dsp_core.py", line 12, in <module>
    from scipy import signal
ModuleNotFoundError: No module named 'scipy'
Traceback (most recent call last):
  File "/app/python/backend_service.py", line 46, in <module>
    from eeg_signal_processor import EEGSignalProcessor
  File "/app/python/eeg_signal_processor.py", line 18, in <module>
    from dsp_core import DSPCore
  File "/app/python/dsp_core.py", line 12, in <module>
    from scipy import signal
ModuleNotFoundError: No module named 'scipy'
Traceback (most recent call last):
  File "/app/python/backend_service.py", line 46, in <module>
    from eeg_signal_processor import EEGSignalProcessor
  File "/app/python/eeg_signal_processor.py", line 18, in <module>
    from dsp_core import DSPCore
  File "/app/python/dsp_core.py", line 12, in <module>
    from scipy import signal
ModuleNotFoundError: No module named 'scipy'
Traceback (most recent call last):
  File "/app/python/backend_service.py", line 46, in <module>
    from eeg_signal_processor import EEGSignalProcessor
  File "/app/python/eeg_signal_processor.py", line 18, in <module>
    from dsp_core import DSPCore
  File "/app/python/dsp_core.py", line 12, in <module>
    from scipy import signal
ModuleNotFoundError: No module named 'scipy'
Traceback (most recent call last):
  File "/app/python/backend_service.py", line 46, in <module>
    from eeg_signal_processor import EEGSignalProcessor
  File "/app/python/eeg_signal_processor.py", line 18, in <module>
    from dsp_core import DSPCore
  File "/app/python/dsp_core.py", line 12, in <module>
    from scipy import signal
ModuleNotFoundError: No module named 'scipy'
Traceback (most recent call last):
  File "/app/python/backend_service.py", line 46, in <module>
    from eeg_signal_processor import EEGSignalProcessor
  File "/app/python/eeg_signal_processor.py", line 18, in <module>
    from dsp_core import DSPCore
  File "/app/python/dsp_core.py", line 12, in <module>
    from scipy import signal
ModuleNotFoundError: No module named 'scipy'
Traceback (most recent call last):
  File "/app/python/backend_service.py", line 46, in <module>
    from eeg_signal_processor import EEGSignalProcessor
  File "/app/python/eeg_signal_processor.py", line 18, in <module>
    from dsp_core import DSPCore
  File "/app/python/dsp_core.py", line 12, in <module>
    from scipy import signal
ModuleNotFoundError: No module named 'scipy'
INFO:eeg_signal_processor:EEGSignalProcessor iniciado: fs=250Hz, buffer=10.0s, psd_window=4.0s
INFO:eeg_signal_processor:Filtros Python eliminados: se usa la señal filtrada recibida del MCU
2026-03-22 20:57:40.087 INFO - [MainThread] App:  App started
INFO:eeg_signal_processor:EEGSignalProcessor iniciado: fs=250Hz, buffer=10.0s, psd_window=4.0s
INFO:eeg_signal_processor:Filtros Python eliminados: se usa la señal filtrada recibida del MCU
2026-03-23 12:10:57.458 INFO - [MainThread] App:  App started
INFO:eeg_signal_processor:EEGSignalProcessor iniciado: fs=250Hz, buffer=10.0s, psd_window=4.0s
INFO:eeg_signal_processor:Filtros Python eliminados: se usa la señal filtrada recibida del MCU
2026-03-23 12:20:50.219 INFO - [MainThread] App:  App started
INFO:eeg_signal_processor:EEGSignalProcessor iniciado: fs=250Hz, buffer=10.0s, psd_window=4.0s
INFO:eeg_signal_processor:Filtros Python eliminados: se usa la señal filtrada recibida del MCU
2026-03-23 13:04:44.333 INFO - [MainThread] App:  App started
INFO:eeg_signal_processor:EEGSignalProcessor iniciado: fs=250Hz, buffer=10.0s, psd_window=4.0s
INFO:eeg_signal_processor:Filtros Python eliminados: se usa la señal filtrada recibida del MCU
2026-03-23 13:07:57.721 INFO - [MainThread] App:  App started
INFO:eeg_signal_processor:EEGSignalProcessor iniciado: fs=250Hz, buffer=10.0s, psd_window=4.0s
INFO:eeg_signal_processor:Filtros Python eliminados: se usa la señal filtrada recibida del MCU
2026-03-23 13:22:07.813 INFO - [MainThread] App:  App started
INFO:eeg_signal_processor:EEGSignalProcessor iniciado: fs=250Hz, buffer=10.0s, psd_window=4.0s
INFO:eeg_signal_processor:Filtros Python eliminados: se usa la señal filtrada recibida del MCU
2026-03-23 13:33:18.701 INFO - [MainThread] App:  App started
INFO:eeg_signal_processor:EEGSignalProcessor iniciado: fs=250Hz, buffer=10.0s, psd_window=4.0s
INFO:eeg_signal_processor:Filtros Python eliminados: se usa la señal filtrada recibida del MCU
2026-03-23 13:59:21.383 INFO - [MainThread] App:  App started
INFO:eeg_signal_processor:EEGSignalProcessor iniciado: fs=250Hz, buffer=10.0s, psd_window=4.0s
INFO:eeg_signal_processor:Filtros Python eliminados: se usa la señal filtrada recibida del MCU
2026-03-23 14:05:48.762 INFO - [MainThread] App:  App started
INFO:eeg_signal_processor:EEGSignalProcessor iniciado: fs=250Hz, buffer=10.0s, psd_window=4.0s
INFO:eeg_signal_processor:Filtros Python eliminados: se usa la señal filtrada recibida del MCU
2026-03-23 14:10:55.227 INFO - [MainThread] App:  App started
INFO:eeg_signal_processor:EEGSignalProcessor iniciado: fs=250Hz, buffer=10.0s, psd_window=4.0s
INFO:eeg_signal_processor:Filtros Python eliminados: se usa la señal filtrada recibida del MCU
2026-03-23 14:19:44.167 INFO - [MainThread] App:  App started
INFO:eeg_signal_processor:EEGSignalProcessor iniciado: fs=250Hz, buffer=10.0s, psd_window=4.0s
INFO:eeg_signal_processor:Filtros Python eliminados: se usa la señal filtrada recibida del MCU
2026-04-23 14:24:43.570 INFO - [MainThread] App:  App started
INFO:eeg_signal_processor:EEGSignalProcessor iniciado: fs=250Hz, buffer=10.0s, psd_window=4.0s
INFO:eeg_signal_processor:Filtros Python eliminados: se usa la señal filtrada recibida del MCU
2026-04-23 14:44:09.989 INFO - [MainThread] App:  App started
INFO:eeg_signal_processor:EEGSignalProcessor iniciado: fs=250Hz, buffer=10.0s, psd_window=4.0s
INFO:eeg_signal_processor:Filtros Python eliminados: se usa la señal filtrada recibida del MCU
2026-04-23 15:01:42.880 INFO - [MainThread] App:  App started
INFO:eeg_signal_processor:EEGSignalProcessor iniciado: fs=250Hz, buffer=10.0s, psd_window=4.0s
INFO:eeg_signal_processor:Filtros Python eliminados: se usa la señal filtrada recibida del MCU
2026-04-23 15:13:17.678 INFO - [MainThread] App:  App started
INFO:eeg_signal_processor:EEGSignalProcessor iniciado: fs=250Hz, buffer=10.0s, psd_window=4.0s
INFO:eeg_signal_processor:Filtros Python eliminados: se usa la señal filtrada recibida del MCU
2026-05-03 20:21:42.479 INFO - [MainThread] App:  App started
INFO:eeg_signal_processor:EEGSignalProcessor iniciado: fs=250Hz, buffer=10.0s, psd_window=4.0s
INFO:eeg_signal_processor:Filtros Python eliminados: se usa la señal filtrada recibida del MCU
2026-05-04 13:05:36.973 INFO - [MainThread] App:  App started
INFO:eeg_signal_processor:EEGSignalProcessor iniciado: fs=250Hz, buffer=10.0s, psd_window=4.0s
INFO:eeg_signal_processor:Filtros Python eliminados: se usa la señal filtrada recibida del MCU
2026-05-04 13:13:17.836 INFO - [MainThread] App:  App started
INFO:eeg_signal_processor:EEGSignalProcessor iniciado: fs=250Hz, buffer=10.0s, psd_window=4.0s
INFO:eeg_signal_processor:Filtros Python eliminados: se usa la señal filtrada recibida del MCU
2026-05-04 13:23:19.854 INFO - [MainThread] App:  App started
INFO:eeg_signal_processor:EEGSignalProcessor iniciado: fs=250Hz, buffer=10.0s, psd_window=4.0s
INFO:eeg_signal_processor:Filtros Python eliminados: se usa la señal filtrada recibida del MCU
2026-05-04 13:28:55.684 INFO - [MainThread] App:  App started
2026-05-04 13:41:19.565 INFO - [MainThread] App:  App is shutting down
INFO:eeg_signal_processor:EEGSignalProcessor iniciado: fs=250Hz, buffer=10.0s, psd_window=4.0s
INFO:eeg_signal_processor:Filtros Python eliminados: se usa la señal filtrada recibida del MCU
2026-05-04 16:10:10.697 INFO - [MainThread] App:  App started
INFO:eeg_signal_processor:EEGSignalProcessor iniciado: fs=250Hz, buffer=10.0s, psd_window=4.0s
INFO:eeg_signal_processor:Filtros Python eliminados: se usa la señal filtrada recibida del MCU
2026-05-04 17:14:53.827 INFO - [MainThread] App:  App started
